[2026-07-28T16:43:22.899Z] GET http://localhost:5173/ → 200 (120ms, 629B)
[2026-07-28T16:43:23.032Z] GET http://localhost:5173/@vite/client → 200 (182ms, 177674B)
[2026-07-28T16:43:23.032Z] GET http://localhost:5173/src/main.jsx → pending (?ms, ?B)
[2026-07-28T16:43:23.039Z] GET http://localhost:5173/@react-refresh → 200 (173ms, 113132B)
[2026-07-28T16:43:23.214Z] GET http://localhost:5173/node_modules/vite/dist/client/env.mjs → 200 (5ms, 3478B)
[2026-07-28T16:43:25.304Z] GET http://localhost:5173/node_modules/.vite/deps/react_jsx-dev-runtime.js?v=ec670701 → 200 (172ms, 12293B)
[2026-07-28T16:43:25.304Z] GET http://localhost:5173/node_modules/.vite/deps/react.js?v=ec670701 → 200 (179ms, 1024B)
[2026-07-28T16:43:25.304Z] GET http://localhost:5173/node_modules/.vite/deps/react-dom_client.js?v=5fb9f3c8 → 200 (289ms, 902046B)
[2026-07-28T16:43:25.304Z] GET http://localhost:5173/node_modules/.vite/deps/react-router-dom.js?v=5076ee38 → 200 (232ms, 435336B)
[2026-07-28T16:43:25.304Z] GET http://localhost:5173/src/App.jsx → 200 (245ms, 14677B)
[2026-07-28T16:43:25.304Z] GET http://localhost:5173/src/index.css → 200 (546ms, 38203B)
[2026-07-28T16:43:25.304Z] GET http://localhost:5173/src/context/AuthContext.jsx → 200 (284ms, 5782B)
[2026-07-28T16:43:25.477Z] GET http://localhost:5173/node_modules/.vite/deps/chunk-BQYK6RGN.js?v=b870fda7 → 200 (117ms, 43627B)
[2026-07-28T16:43:25.477Z] GET http://localhost:5173/node_modules/.vite/deps/chunk-G3PMV62Z.js?v=b870fda7 → 200 (117ms, 7968B)
[2026-07-28T16:43:25.536Z] GET http://localhost:5173/node_modules/.vite/deps/chunk-D7552MD7.js?v=b870fda7 → 200 (316ms, 16533B)
[2026-07-28T16:43:25.551Z] GET http://localhost:5173/src/pages/auth/Login.jsx → pending (?ms, ?B)
[2026-07-28T16:43:25.551Z] GET http://localhost:5173/src/pages/auth/Signup.jsx → pending (?ms, ?B)
[2026-07-28T16:43:25.551Z] GET http://localhost:5173/src/pages/auth/UpdatePassword.jsx → pending (?ms, ?B)
[2026-07-28T16:43:25.551Z] GET http://localhost:5173/src/pages/admin/AdminDashboard.jsx → pending (?ms, ?B)
[2026-07-28T16:43:25.551Z] GET http://localhost:5173/src/pages/admin/UsersList.jsx → pending (?ms, ?B)
[2026-07-28T16:43:25.552Z] GET http://localhost:5173/src/pages/admin/StoresList.jsx → pending (?ms, ?B)
[2026-07-28T16:43:25.552Z] GET http://localhost:5173/src/pages/admin/UserDetails.jsx → pending (?ms, ?B)
[2026-07-28T16:43:25.552Z] GET http://localhost:5173/src/pages/user/UserDashboard.jsx → pending (?ms, ?B)
[2026-07-28T16:43:25.552Z] GET http://localhost:5173/src/pages/user/StoreDetails.jsx → pending (?ms, ?B)
[2026-07-28T16:43:25.552Z] GET http://localhost:5173/src/pages/owner/OwnerDashboard.jsx → pending (?ms, ?B)
[2026-07-28T16:43:25.552Z] GET http://localhost:5173/src/routes/ProductedRoute.jsx → pending (?ms, ?B)
[2026-07-28T16:43:26.365Z] GET http://localhost:5173/src/services/api.js → 200 (99ms, 11074B)
[2026-07-28T16:43:26.397Z] GET http://localhost:5173/src/utils/validation.js → 200 (70ms, 5355B)
[2026-07-28T16:43:26.425Z] GET http://localhost:5173/src/components/Table.jsx → 200 (126ms, 14622B)
[2026-07-28T16:43:26.425Z] GET http://localhost:5173/src/components/Navbar.jsx → 200 (115ms, 26656B)
[2026-07-28T16:43:26.426Z] GET http://localhost:5173/src/components/Sidebar.jsx → 200 (125ms, 21082B)
[2026-07-28T16:43:26.453Z] GET http://localhost:5173/src/components/StoreCard.jsx → 200 (97ms, 15745B)
[2026-07-28T16:43:26.465Z] GET http://localhost:5173/node_modules/.vite/deps/axios.js?v=998f52b4 → 200 (96ms, 81319B)
[2026-07-28T16:43:40.139Z] POST http://localhost:5000/api/auth/login → pending (?ms, ?B)
[2026-07-28T16:43:42.716Z] GET http://localhost:5000/api/admin/stats → pending (?ms, ?B)
[2026-07-28T16:43:42.716Z] GET http://localhost:5000/api/admin/users → pending (?ms, ?B)
[2026-07-28T16:43:42.716Z] GET http://localhost:5000/api/admin/stores → pending (?ms, ?B)
[2026-07-28T16:43:42.716Z] GET http://localhost:5000/api/admin/stats → pending (?ms, ?B)
[2026-07-28T16:43:42.716Z] GET http://localhost:5000/api/admin/users → pending (?ms, ?B)
[2026-07-28T16:43:42.716Z] GET http://localhost:5000/api/admin/stores → pending (?ms, ?B)
